Run started: 2026-09-06T21:32:45Z
Script:      code/figures/supplementary_figure_4.py
Host CPUs:   128
----
Computing minimal agreement inputs live from /home/jruffle/Downloads/radiologist_enhancement_rct/data/source_data/figure_1/csv_v2/radiologist_df.csv...
  Loaded 2200 rows x 5 cols (live-derived)

Generating Supplementary Figure 4...

Supplementary_Figure_4 saved to: /home/jruffle/Downloads/radiologist_enhancement_rct/data/figures/Supplementary_Figure_4.png
Supplementary_Figure_4 saved to: /home/jruffle/Downloads/radiologist_enhancement_rct/data/figures/Supplementary_Figure_4.svg

Figure-displayed Cohen κ values (panel titles):
  a) Model-radiologist agreement, without support  κ = 0.314
  b) Model-radiologist agreement, with support     κ = 0.482
  c) Radiologist-radiologist agreement, without    κ = 0.333
  d) Radiologist-radiologist agreement, with       κ = 0.486

Aggregate pairwise Cohen κ across all comparisons (paragraph 84):
  Without support  κ_aggregate = 0.324  (rad-rad n=1289 + rad-model n=1100 = 2389 pairs)
  With support     κ_aggregate = 0.484  (rad-rad n=1289 + rad-model n=1100 = 2389 pairs)

Bootstrap p-values for Cohen κ contrasts (paragraph 84, B=5000000, seed=20260505):
  Rad-model    Δκ = +0.168 [+0.111, +0.224]  Bootstrap p = 4.00e-07  (1 crossing replicates; n=564 common cases)
  Rad-rad      Δκ = +0.153 [+0.047, +0.260]  Bootstrap p = 0.00436  (10900 crossing replicates; n=205 common cases)
  Aggregate    Δκ = +0.160 [+0.097, +0.224]  Bootstrap p = < 4.0e-07  (0 crossing replicates; n=5000000 valid replicates)

Per-pair κ direction split (paragraph 84, '% higher with support'):
  Of 66 unique reader-pair κ comparisons:
    κ higher WITH support:    51 (77.3%)
    κ higher WITHOUT support: 15 (22.7%)
----
Run ended:   2026-09-06T21:36:11Z
Wall clock:  205.6s
